// Jest Snapshot v1, https://goo.gl/fbAQLP

exports[`matches snapshot 1`] = `
<DocumentFragment>
  <div
    class="BoxList"
  >
    <form>
      <label
        for="backgroundColor"
      >
        Color: 
      </label>
      <input
        id="backgroundColor"
        name="backgroundColor"
        type="color"
        value="#000000"
      />
      <label
        for="width"
      >
        Width: 
      </label>
      <input
        id="width"
        name="width"
        type="number"
        value="0"
      />
      <label
        for="height"
      >
        Height: 
      </label>
      <input
        id="height"
        name="height"
        type="number"
        value="0"
      />
      <button>
        Add box
      </button>
    </form>
    <h2>
      Boxes:
    </h2>
  </div>
</DocumentFragment>
`;
